[2026-09-21T05:23:45Z] START v2-s1 seed=1 gpu=GPU-23a5dcb4-5248-01aa-94a3-d0f998660161
-------------- Setting up environment variables -----------
Built global observation normalizer across 15 tasks

Extracting dimensions from environment...
Setting seed: 1
Warp 1.15.0 initialized:
   CUDA Toolkit 12.9, Driver 12.4
   Devices:
     "cpu"      : "x86_64"
     "cuda:0"   : "NVIDIA A100-SXM4-80GB" (79 GiB, sm_80, mempool enabled)
   Kernel cache:
     /ihub/homedirs/svs_ald/.cache/warp/1.15.0
Module mujoco_warp._src.smooth c4020f1 load on device 'cuda:0' took 1.17 ms  (cached)
Module _nxn_broadphase__locals__kernel_cd21dc9b cd21dc9 load on device 'cuda:0' took 0.78 ms  (cached)
Module ccd_kernel_builder__locals__ccd_kernel_985a08c3 985a08c load on device 'cuda:0' took 0.50 ms  (cached)
Module ccd_kernel_builder__locals__ccd_kernel_985a08c3 315afeb load on device 'cuda:0' took 0.72 ms  (cached)
Module ccd_kernel_builder__locals__ccd_kernel_c5700abb c5700ab load on device 'cuda:0' took 0.58 ms  (cached)
Module ccd_kernel_builder__locals__ccd_kernel_c5700abb 514f16f load on device 'cuda:0' took 0.63 ms  (cached)
Module _primitive_narrowphase__locals__primitive_narrowphase_465e14e8 465e14e load on device 'cuda:0' took 0.56 ms  (cached)
Module mujoco_warp._src.constraint 36c8060 load on device 'cuda:0' took 0.32 ms  (cached)
Module _equality_joint__locals__kernel_0bce3899 0bce389 load on device 'cuda:0' took 0.45 ms  (cached)
Module _friction_dof__locals__kernel_0cd98302 0cd9830 load on device 'cuda:0' took 0.37 ms  (cached)
Module _limit_slide_hinge__locals__kernel_7e77232e 7e77232 load on device 'cuda:0' took 0.39 ms  (cached)
Module _efc_contact_init__locals__kernel_db957632 db95763 load on device 'cuda:0' took 0.41 ms  (cached)
Module _efc_contact_jac_dense__locals__kernel_15133f64 884864c load on device 'cuda:0' took 0.68 ms  (cached)
Module _efc_contact_update__locals__kernel_e1a06f21 e1a06f2 load on device 'cuda:0' took 0.35 ms  (cached)
Module mujoco_warp._src.forward bfd9fb5 load on device 'cuda:0' took 0.51 ms  (cached)
Module mujoco_warp._src.passive d8c18c6 load on device 'cuda:0' took 0.46 ms  (cached)
Module mujoco_warp._src.forward b068ad6 load on device 'cuda:0' took 0.47 ms  (cached)
Module _qfrc_smooth__locals__kernel_3ac7164a 3ac7164 load on device 'cuda:0' took 0.30 ms  (cached)
Module mujoco_warp._src.support ca784c5 load on device 'cuda:0' took 0.32 ms  (cached)
Module _small_cholesky_factorize_solve_block__locals__kernel_2e80fc98 00039f8 load on device 'cuda:0' took 0.30 ms  (cached)
Module _tile_cholesky_factorize_solve_block__locals__kernel_69cebde2 70dd80d load on device 'cuda:0' took 35.60 ms  (cached)
Module _solve_init_dof__locals__kernel_03c5735a 03c5735 load on device 'cuda:0' took 0.36 ms  (cached)
Module mujoco_warp._src.solver 3a105a0 load on device 'cuda:0' took 0.60 ms  (cached)
Module _solve_init_jaref_kernel__locals__kernel_663b22bf 663b22b load on device 'cuda:0' took 0.77 ms  (cached)
Module mul_m_kernel__locals___mul_m_4f80c25f 4f80c25 load on device 'cuda:0' took 0.40 ms  (cached)
Module _update_constraint_efc__locals__kernel_7b921a6e 7b921a6 load on device 'cuda:0' took 0.37 ms  (cached)
Module _update_constraint_init_qfrc_constraint_dense__locals__kernel_87c13c1d 87c13c1 load on device 'cuda:0' took 0.32 ms  (cached)
Module _update_gradient_zero_grad_dot__locals__kernel_ca4acd13 ca4acd1 load on device 'cuda:0' took 0.30 ms  (cached)
Module _update_gradient_grad__locals__kernel_9e296ebd 9e296eb load on device 'cuda:0' took 0.32 ms  (cached)
Module _update_gradient_JTDAJ_dense_tiled__locals__kernel_cdf098f5 cef67ec load on device 'cuda:0' took 0.71 ms  (cached)
Module _update_gradient_cholesky__locals__kernel_9b0db1e1 2cc8803 load on device 'cuda:0' took 38.23 ms  (cached)
Module _linesearch_iterative_kernel__locals__kernel_d431e7de 4c12f05 load on device 'cuda:0' took 0.63 ms  (cached)
Module mujoco_warp._src.sensor de892d8 load on device 'cuda:0' took 0.62 ms  (cached)
Module _contact_sort__locals__contact_sort_8d950af1 a76bf05 load on device 'cuda:0' took 0.48 ms  (cached)
Module mujoco_warp._src.derivative 833f5d0 load on device 'cuda:0' took 0.50 ms  (cached)
Module _next_time_builder__locals___next_time_8c8bbcbc 8c8bbcb load on device 'cuda:0' took 0.37 ms  (cached)

+---------------------------------+
|         Base Environment        |
+------------------------+--------+
| Property               | Value  |
+------------------------+--------+
| Number of environments | 1      |
| Environment device     | cuda:0 |
| Environment seed       | 1      |
| Physics step-size      | 0.005  |
| Environment step-size  | 0.02   |
+------------------------+--------+

[INFO] <EventManager> contains 2 active terms.
+---------------------------------------+
| Active Event Terms in Mode: 'startup' |
+-------+-------------------------------+
| Index | Name                          |
+-------+-------------------------------+
|   0   | reset_base                    |
|   1   | fingertip_friction_slide      |
|   2   | fingertip_friction_spin       |
|   3   | fingertip_friction_roll       |
+-------+-------------------------------+
+-------------------------------------+
| Active Event Terms in Mode: 'reset' |
+--------+----------------------------+
| Index  | Name                       |
+--------+----------------------------+
|   0    | reset_robot_joints         |
|   1    | reset_robot_fingers        |
+--------+----------------------------+
+-----------------------------+
| Domain Randomization Fields |
+--------+--------------------+
| Index  | Field Name         |
+--------+--------------------+
|   0    | geom_friction      |
+--------+--------------------+

[INFO] <CommandManager> contains 1 active terms.
+----------------------------------------------+
|             Active Command Terms             |
+-------+--------------+-----------------------+
| Index | Name         |          Type         |
+-------+--------------+-----------------------+
|   0   | topple_block | ReorientObjectCommand |
+-------+--------------+-----------------------+

[INFO] <ActionManager> contains 1 active terms.
+-------------------------------------+
|    Active Action Terms (shape: 8)   |
+-------+-----------------+-----------+
| Index | Name            | Dimension |
+-------+-----------------+-----------+
|   0   | robot_joint_pos |         8 |
+-------+-----------------+-----------+

[INFO] <ObservationManager> contains 2 groups.
+------------------------------------------------------------+
| Active Observation Terms in Group: 'policy' (shape: (60,)) |
+----------+------------------------------------+------------+
|  Index   | Name                               |   Shape    |
+----------+------------------------------------+------------+
|    0     | franka_shared_60_v2                |   (60,)    |
+----------+------------------------------------+------------+
+------------------------------------------------------------+
| Active Observation Terms in Group: 'critic' (shape: (60,)) |
+----------+------------------------------------+------------+
|  Index   | Name                               |   Shape    |
+----------+------------------------------------+------------+
|    0     | franka_shared_60_v2                |   (60,)    |
+----------+------------------------------------+------------+

[INFO] <TerminationManager> contains 3 active terms.
+-----------------------------------------+
|         Active Termination Terms        |
+-------+----------------------+----------+
| Index | Name                 | Time Out |
+-------+----------------------+----------+
|   0   | time_out             |   True   |
|   1   | ee_ground_collision  |  False   |
|   2   | object_out_of_bounds |  False   |
+-------+----------------------+----------+

[INFO] <RewardManager> contains 5 active terms.
+--------------------------------------+
|         Active Reward Terms          |
+-------+---------------------+--------+
| Index | Name                | Weight |
+-------+---------------------+--------+
|   0   | reach_object        |    1.0 |
|   1   | move_object_to_goal |    1.0 |
|   2   | action_rate_l2      |  -0.01 |
|   3   | joint_pos_limits    |  -10.0 |
|   4   | joint_vel_penalty   |  -0.01 |
+-------+---------------------+--------+
/ihub/homedirs/svs_ald/sudhir/mjlab/.venv/lib/python3.13/site-packages/mujoco_warp/_src/io.py:713: UserWarning: MULTICCD is enabled, but the scene contains CCD pairs without multicontact support: [('CYLINDER', 'BOX'), ('CYLINDER', 'MESH')]. At most 1 contact will be generated for these pairs.
  warnings.warn(

[INFO] <CurriculumManager> contains 1 active terms.
+----------------------------------+
|     Active Curriculum Terms      |
+-------+--------------------------+
| Index | Name                     |
+-------+--------------------------+
|   0   | joint_vel_penalty_weight |
+-------+--------------------------+

  Observation dimension: 60
  Action dimension: 8
Validating dimensions across all tasks...
Setting seed: 1

+---------------------------------+
|         Base Environment        |
+------------------------+--------+
| Property               | Value  |
+------------------------+--------+
| Number of environments | 1      |
| Environment device     | cuda:0 |
| Environment seed       | 1      |
| Physics step-size      | 0.005  |
| Environment step-size  | 0.02   |
+------------------------+--------+

[INFO] <EventManager> contains 2 active terms.
+---------------------------------------+
| Active Event Terms in Mode: 'startup' |
+-------+-------------------------------+
| Index | Name                          |
+-------+-------------------------------+
|   0   | reset_base                    |
|   1   | fingertip_friction_slide      |
|   2   | fingertip_friction_spin       |
|   3   | fingertip_friction_roll       |
+-------+-------------------------------+
+-------------------------------------+
| Active Event Terms in Mode: 'reset' |
+--------+----------------------------+
| Index  | Name                       |
+--------+----------------------------+
|   0    | reset_robot_joints         |
|   1    | reset_robot_fingers        |
+--------+----------------------------+
+-----------------------------+
| Domain Randomization Fields |
+--------+--------------------+
| Index  | Field Name         |
+--------+--------------------+
|   0    | geom_friction      |
+--------+--------------------+

[INFO] <CommandManager> contains 1 active terms.
+----------------------------------------------+
|             Active Command Terms             |
+-------+--------------+-----------------------+
| Index | Name         |          Type         |
+-------+--------------+-----------------------+
|   0   | topple_block | ReorientObjectCommand |
+-------+--------------+-----------------------+

[INFO] <ActionManager> contains 1 active terms.
+-------------------------------------+
|    Active Action Terms (shape: 8)   |
+-------+-----------------+-----------+
| Index | Name            | Dimension |
+-------+-----------------+-----------+
|   0   | robot_joint_pos |         8 |
+-------+-----------------+-----------+

[INFO] <ObservationManager> contains 2 groups.
+------------------------------------------------------------+
| Active Observation Terms in Group: 'policy' (shape: (60,)) |
+----------+------------------------------------+------------+
|  Index   | Name                               |   Shape    |
+----------+------------------------------------+------------+
|    0     | franka_shared_60_v2                |   (60,)    |
+----------+------------------------------------+------------+
+------------------------------------------------------------+
| Active Observation Terms in Group: 'critic' (shape: (60,)) |
+----------+------------------------------------+------------+
|  Index   | Name                               |   Shape    |
+----------+------------------------------------+------------+
|    0     | franka_shared_60_v2                |   (60,)    |
+----------+------------------------------------+------------+

[INFO] <TerminationManager> contains 3 active terms.
+-----------------------------------------+
|         Active Termination Terms        |
+-------+----------------------+----------+
| Index | Name                 | Time Out |
+-------+----------------------+----------+
|   0   | time_out             |   True   |
|   1   | ee_ground_collision  |  False   |
|   2   | object_out_of_bounds |  False   |
+-------+----------------------+----------+

[INFO] <RewardManager> contains 5 active terms.
+--------------------------------------+
|         Active Reward Terms          |
+-------+---------------------+--------+
| Index | Name                | Weight |
+-------+---------------------+--------+
|   0   | reach_object        |    1.0 |
|   1   | move_object_to_goal |    1.0 |
|   2   | action_rate_l2      |  -0.01 |
|   3   | joint_pos_limits    |  -10.0 |
|   4   | joint_vel_penalty   |  -0.01 |
+-------+---------------------+--------+

[INFO] <CurriculumManager> contains 1 active terms.
+----------------------------------+
|     Active Curriculum Terms      |
+-------+--------------------------+
| Index | Name                     |
+-------+--------------------------+
|   0   | joint_vel_penalty_weight |
+-------+--------------------------+

Setting seed: 1
Module ccd_kernel_builder__locals__ccd_kernel_0cde7744 0cde774 load on device 'cuda:0' took 0.66 ms  (cached)
Module ccd_kernel_builder__locals__ccd_kernel_0cde7744 3e9cf8f load on device 'cuda:0' took 0.59 ms  (cached)
Module ccd_kernel_builder__locals__ccd_kernel_1bc88a31 1bc88a3 load on device 'cuda:0' took 0.49 ms  (cached)
Module ccd_kernel_builder__locals__ccd_kernel_1bc88a31 4b8899b load on device 'cuda:0' took 0.56 ms  (cached)
Module ccd_kernel_builder__locals__ccd_kernel_3f883154 3f88315 load on device 'cuda:0' took 0.73 ms  (cached)
Module ccd_kernel_builder__locals__ccd_kernel_3f883154 9c4578a load on device 'cuda:0' took 0.70 ms  (cached)
Module _primitive_narrowphase__locals__primitive_narrowphase_87fc1998 87fc199 load on device 'cuda:0' took 0.66 ms  (cached)
Module _small_cholesky_factorize_solve_block__locals__kernel_ef37aa07 2a4f920 load on device 'cuda:0' took 0.56 ms  (cached)
Module _solve_init_jaref_kernel__locals__kernel_cd89a7f8 cd89a7f load on device 'cuda:0' took 0.53 ms  (cached)
Module _update_gradient_JTDAJ_dense_tiled__locals__kernel_a15f889a 364ebbf load on device 'cuda:0' took 1.07 ms  (cached)
Module _update_gradient_cholesky__locals__kernel_69623f22 5f8ed08 load on device 'cuda:0' took 36.39 ms  (cached)

+---------------------------------+
|         Base Environment        |
+------------------------+--------+
| Property               | Value  |
+------------------------+--------+
| Number of environments | 1      |
| Environment device     | cuda:0 |
| Environment seed       | 1      |
| Physics step-size      | 0.005  |
| Environment step-size  | 0.02   |
+------------------------+--------+

[INFO] <EventManager> contains 2 active terms.
+---------------------------------------+
| Active Event Terms in Mode: 'startup' |
+-------+-------------------------------+
| Index | Name                          |
+-------+-------------------------------+
|   0   | reset_base                    |
|   1   | fingertip_friction_slide      |
|   2   | fingertip_friction_spin       |
|   3   | fingertip_friction_roll       |
+-------+-------------------------------+
+-------------------------------------+
| Active Event Terms in Mode: 'reset' |
+--------+----------------------------+
| Index  | Name                       |
+--------+----------------------------+
|   0    | reset_robot_joints         |
|   1    | reset_valve_position       |
|   2    | reset_robot_fingers        |
+--------+----------------------------+
+-----------------------------+
| Domain Randomization Fields |
+--------+--------------------+
| Index  | Field Name         |
+--------+--------------------+
|   0    | geom_friction      |
+--------+--------------------+

[INFO] <CommandManager> contains 1 active terms.
+-------------------------------------------+
|            Active Command Terms           |
+-------+--------------+--------------------+
| Index | Name         |        Type        |
+-------+--------------+--------------------+
|   0   | rotate_valve | RotateValveCommand |
+-------+--------------+--------------------+

[INFO] <ActionManager> contains 1 active terms.
+-------------------------------------+
|    Active Action Terms (shape: 8)   |
+-------+-----------------+-----------+
| Index | Name            | Dimension |
+-------+-----------------+-----------+
|   0   | robot_joint_pos |         8 |
+-------+-----------------+-----------+

[INFO] <ObservationManager> contains 2 groups.
+------------------------------------------------------------+
| Active Observation Terms in Group: 'policy' (shape: (60,)) |
+----------+------------------------------------+------------+
|  Index   | Name                               |   Shape    |
+----------+------------------------------------+------------+
|    0     | franka_shared_60_v2                |   (60,)    |
+----------+------------------------------------+------------+
+------------------------------------------------------------+
| Active Observation Terms in Group: 'critic' (shape: (60,)) |
+----------+------------------------------------+------------+
|  Index   | Name                               |   Shape    |
+----------+------------------------------------+------------+
|    0     | franka_shared_60_v2                |   (60,)    |
+----------+------------------------------------+------------+

[INFO] <TerminationManager> contains 2 active terms.
+----------------------------------------+
|        Active Termination Terms        |
+-------+---------------------+----------+
| Index | Name                | Time Out |
+-------+---------------------+----------+
|   0   | time_out            |   True   |
|   1   | ee_ground_collision |  False   |
+-------+---------------------+----------+

[INFO] <RewardManager> contains 6 active terms.
+--------------------------------------+
|         Active Reward Terms          |
+-------+---------------------+--------+
| Index | Name                | Weight |
+-------+---------------------+--------+
|   0   | reach_object        |    1.0 |
|   1   | move_object_to_goal |    1.0 |
|   2   | no_object_collision |   0.25 |
|   3   | action_rate_l2      |  -0.01 |
|   4   | joint_pos_limits    |  -10.0 |
|   5   | joint_vel_penalty   |  -0.01 |
+-------+---------------------+--------+

[INFO] <CurriculumManager> contains 1 active terms.
+----------------------------------+
|     Active Curriculum Terms      |
+-------+--------------------------+
| Index | Name                     |
+-------+--------------------------+
|   0   | joint_vel_penalty_weight |
+-------+--------------------------+

Setting seed: 1

+---------------------------------+
|         Base Environment        |
+------------------------+--------+
| Property               | Value  |
+------------------------+--------+
| Number of environments | 1      |
| Environment device     | cuda:0 |
| Environment seed       | 1      |
| Physics step-size      | 0.005  |
| Environment step-size  | 0.02   |
+------------------------+--------+

[INFO] <EventManager> contains 2 active terms.
+---------------------------------------+
| Active Event Terms in Mode: 'startup' |
+-------+-------------------------------+
| Index | Name                          |
+-------+-------------------------------+
|   0   | reset_base                    |
|   1   | fingertip_friction_slide      |
|   2   | fingertip_friction_spin       |
|   3   | fingertip_friction_roll       |
+-------+-------------------------------+
+-------------------------------------+
| Active Event Terms in Mode: 'reset' |
+--------+----------------------------+
| Index  | Name                       |
+--------+----------------------------+
|   0    | reset_robot_joints         |
|   1    | reset_drawer_position      |
|   2    | reset_robot_fingers        |
+--------+----------------------------+
+-----------------------------+
| Domain Randomization Fields |
+--------+--------------------+
| Index  | Field Name         |
+--------+--------------------+
|   0    | geom_friction      |
+--------+--------------------+

[INFO] <CommandManager> contains 1 active terms.
+-----------------------------------------+
|           Active Command Terms          |
+-------+-------------+-------------------+
| Index | Name        |        Type       |
+-------+-------------+-------------------+
|   0   | open_drawer | OpenDrawerCommand |
+-------+-------------+-------------------+

[INFO] <ActionManager> contains 1 active terms.
+-------------------------------------+
|    Active Action Terms (shape: 8)   |
+-------+-----------------+-----------+
| Index | Name            | Dimension |
+-------+-----------------+-----------+
|   0   | robot_joint_pos |         8 |
+-------+-----------------+-----------+

[INFO] <ObservationManager> contains 2 groups.
+------------------------------------------------------------+
| Active Observation Terms in Group: 'policy' (shape: (60,)) |
+----------+------------------------------------+------------+
|  Index   | Name                               |   Shape    |
+----------+------------------------------------+------------+
|    0     | franka_shared_60_v2                |   (60,)    |
+----------+------------------------------------+------------+
+------------------------------------------------------------+
| Active Observation Terms in Group: 'critic' (shape: (60,)) |
+----------+------------------------------------+------------+
|  Index   | Name                               |   Shape    |
+----------+------------------------------------+------------+
|    0     | franka_shared_60_v2                |   (60,)    |
+----------+------------------------------------+------------+

[INFO] <TerminationManager> contains 2 active terms.
+----------------------------------------+
|        Active Termination Terms        |
+-------+---------------------+----------+
| Index | Name                | Time Out |
+-------+---------------------+----------+
|   0   | time_out            |   True   |
|   1   | ee_ground_collision |  False   |
+-------+---------------------+----------+

[INFO] <RewardManager> contains 6 active terms.
+--------------------------------------+
|         Active Reward Terms          |
+-------+---------------------+--------+
| Index | Name                | Weight |
+-------+---------------------+--------+
|   0   | reach_object        |    1.0 |
|   1   | move_object_to_goal |    1.0 |
|   2   | no_object_collision |   0.25 |
|   3   | action_rate_l2      |  -0.01 |
|   4   | joint_pos_limits    |  -10.0 |
|   5   | joint_vel_penalty   |  -0.01 |
+-------+---------------------+--------+

[INFO] <CurriculumManager> contains 1 active terms.
+----------------------------------+
|     Active Curriculum Terms      |
+-------+--------------------------+
| Index | Name                     |
+-------+--------------------------+
|   0   | joint_vel_penalty_weight |
+-------+--------------------------+

Setting seed: 1

+---------------------------------+
|         Base Environment        |
+------------------------+--------+
| Property               | Value  |
+------------------------+--------+
| Number of environments | 1      |
| Environment device     | cuda:0 |
| Environment seed       | 1      |
| Physics step-size      | 0.005  |
| Environment step-size  | 0.02   |
+------------------------+--------+

[INFO] <EventManager> contains 2 active terms.
+---------------------------------------+
| Active Event Terms in Mode: 'startup' |
+-------+-------------------------------+
| Index | Name                          |
+-------+-------------------------------+
|   0   | reset_base                    |
|   1   | fingertip_friction_slide      |
|   2   | fingertip_friction_spin       |
|   3   | fingertip_friction_roll       |
+-------+-------------------------------+
+-------------------------------------+
| Active Event Terms in Mode: 'reset' |
+--------+----------------------------+
| Index  | Name                       |
+--------+----------------------------+
|   0    | reset_robot_joints         |
|   1    | reset_switch_position      |
|   2    | reset_robot_fingers        |
+--------+----------------------------+
+-----------------------------+
| Domain Randomization Fields |
+--------+--------------------+
| Index  | Field Name         |
+--------+--------------------+
|   0    | geom_friction      |
+--------+--------------------+

[INFO] <CommandManager> contains 1 active terms.
+-----------------------------------------+
|           Active Command Terms          |
+-------+-------------+-------------------+
| Index | Name        |        Type       |
+-------+-------------+-------------------+
|   0   | flip_switch | FlipSwitchCommand |
+-------+-------------+-------------------+

[INFO] <ActionManager> contains 1 active terms.
+-------------------------------------+
|    Active Action Terms (shape: 8)   |
+-------+-----------------+-----------+
| Index | Name            | Dimension |
+-------+-----------------+-----------+
|   0   | robot_joint_pos |         8 |
+-------+-----------------+-----------+

[INFO] <ObservationManager> contains 2 groups.
+------------------------------------------------------------+
| Active Observation Terms in Group: 'policy' (shape: (60,)) |
+----------+------------------------------------+------------+
|  Index   | Name                               |   Shape    |
+----------+------------------------------------+------------+
|    0     | franka_shared_60_v2                |   (60,)    |
+----------+------------------------------------+------------+
+------------------------------------------------------------+
| Active Observation Terms in Group: 'critic' (shape: (60,)) |
+----------+------------------------------------+------------+
|  Index   | Name                               |   Shape    |
+----------+------------------------------------+------------+
|    0     | franka_shared_60_v2                |   (60,)    |
+----------+------------------------------------+------------+

[INFO] <TerminationManager> contains 2 active terms.
+----------------------------------------+
|        Active Termination Terms        |
+-------+---------------------+----------+
| Index | Name                | Time Out |
+-------+---------------------+----------+
|   0   | time_out            |   True   |
|   1   | ee_ground_collision |  False   |
+-------+---------------------+----------+

[INFO] <RewardManager> contains 6 active terms.
+--------------------------------------+
|         Active Reward Terms          |
+-------+---------------------+--------+
| Index | Name                | Weight |
+-------+---------------------+--------+
|   0   | reach_object        |    1.0 |
|   1   | move_object_to_goal |    1.0 |
|   2   | no_object_collision |   0.25 |
|   3   | action_rate_l2      |  -0.01 |
|   4   | joint_pos_limits    |  -10.0 |
|   5   | joint_vel_penalty   |  -0.01 |
+-------+---------------------+--------+

[INFO] <CurriculumManager> contains 1 active terms.
+----------------------------------+
|     Active Curriculum Terms      |
+-------+--------------------------+
| Index | Name                     |
+-------+--------------------------+
|   0   | joint_vel_penalty_weight |
+-------+--------------------------+

Setting seed: 1

+---------------------------------+
|         Base Environment        |
+------------------------+--------+
| Property               | Value  |
+------------------------+--------+
| Number of environments | 1      |
| Environment device     | cuda:0 |
| Environment seed       | 1      |
| Physics step-size      | 0.005  |
| Environment step-size  | 0.02   |
+------------------------+--------+

[INFO] <EventManager> contains 2 active terms.
+---------------------------------------+
| Active Event Terms in Mode: 'startup' |
+-------+-------------------------------+
| Index | Name                          |
+-------+-------------------------------+
|   0   | reset_base                    |
|   1   | fingertip_friction_slide      |
|   2   | fingertip_friction_spin       |
|   3   | fingertip_friction_roll       |
+-------+-------------------------------+
+-------------------------------------+
| Active Event Terms in Mode: 'reset' |
+--------+----------------------------+
| Index  | Name                       |
+--------+----------------------------+
|   0    | reset_robot_joints         |
|   1    | reset_robot_fingers        |
+--------+----------------------------+
+-----------------------------+
| Domain Randomization Fields |
+--------+--------------------+
| Index  | Field Name         |
+--------+--------------------+
|   0    | geom_friction      |
+--------+--------------------+

[INFO] <CommandManager> contains 1 active terms.
+------------------------------------------------------+
|                 Active Command Terms                 |
+-------+--------------------+-------------------------+
| Index | Name               |           Type          |
+-------+--------------------+-------------------------+
|   0   | place_in_container | PlaceInContainerCommand |
+-------+--------------------+-------------------------+

[INFO] <ActionManager> contains 1 active terms.
+-------------------------------------+
|    Active Action Terms (shape: 8)   |
+-------+-----------------+-----------+
| Index | Name            | Dimension |
+-------+-----------------+-----------+
|   0   | robot_joint_pos |         8 |
+-------+-----------------+-----------+

[INFO] <ObservationManager> contains 2 groups.
+------------------------------------------------------------+
| Active Observation Terms in Group: 'policy' (shape: (60,)) |
+----------+------------------------------------+------------+
|  Index   | Name                               |   Shape    |
+----------+------------------------------------+------------+
|    0     | franka_shared_60_v2                |   (60,)    |
+----------+------------------------------------+------------+
+------------------------------------------------------------+
| Active Observation Terms in Group: 'critic' (shape: (60,)) |
+----------+------------------------------------+------------+
|  Index   | Name                               |   Shape    |
+----------+------------------------------------+------------+
|    0     | franka_shared_60_v2                |   (60,)    |
+----------+------------------------------------+------------+

[INFO] <TerminationManager> contains 3 active terms.
+-----------------------------------------+
|         Active Termination Terms        |
+-------+----------------------+----------+
| Index | Name                 | Time Out |
+-------+----------------------+----------+
|   0   | time_out             |   True   |
|   1   | ee_ground_collision  |  False   |
|   2   | object_out_of_bounds |  False   |
+-------+----------------------+----------+

[INFO] <RewardManager> contains 5 active terms.
+--------------------------------------+
|         Active Reward Terms          |
+-------+---------------------+--------+
| Index | Name                | Weight |
+-------+---------------------+--------+
|   0   | reach_object        |    1.0 |
|   1   | move_object_to_goal |    1.0 |
|   2   | action_rate_l2      |  -0.01 |
|   3   | joint_pos_limits    |  -10.0 |
|   4   | joint_vel_penalty   |  -0.01 |
+-------+---------------------+--------+

[INFO] <CurriculumManager> contains 1 active terms.
+----------------------------------+
|     Active Curriculum Terms      |
+-------+--------------------------+
| Index | Name                     |
+-------+--------------------------+
|   0   | joint_vel_penalty_weight |
+-------+--------------------------+

Setting seed: 1
Module _solve_init_jaref_kernel__locals__kernel_4d0db437 4d0db43 load on device 'cuda:0' took 0.61 ms  (cached)
Module _update_gradient_JTDAJ_dense_tiled__locals__kernel_73e1b70a 0cbe18c load on device 'cuda:0' took 1.28 ms  (cached)
Module _update_gradient_cholesky__locals__kernel_3b9bbf5c b5c23a6 load on device 'cuda:0' took 44.64 ms  (cached)

+---------------------------------+
|         Base Environment        |
+------------------------+--------+
| Property               | Value  |
+------------------------+--------+
| Number of environments | 1      |
| Environment device     | cuda:0 |
| Environment seed       | 1      |
| Physics step-size      | 0.005  |
| Environment step-size  | 0.02   |
+------------------------+--------+

[INFO] <EventManager> contains 2 active terms.
+---------------------------------------+
| Active Event Terms in Mode: 'startup' |
+-------------+-------------------------+
|    Index    | Name                    |
+-------------+-------------------------+
|      0      | reset_base              |
+-------------+-------------------------+
+-------------------------------------+
| Active Event Terms in Mode: 'reset' |
+--------+----------------------------+
| Index  | Name                       |
+--------+----------------------------+
|   0    | reset_robot_joints         |
|   1    | reset_robot_fingers        |
+--------+----------------------------+

[INFO] <CommandManager> contains 1 active terms.
+----------------------------------------+
|          Active Command Terms          |
+-------+--------------+-----------------+
| Index | Name         |       Type      |
+-------+--------------+-----------------+
|   0   | reach_target | ReachingCommand |
+-------+--------------+-----------------+

[INFO] <ActionManager> contains 1 active terms.
+-------------------------------------+
|    Active Action Terms (shape: 8)   |
+-------+-----------------+-----------+
| Index | Name            | Dimension |
+-------+-----------------+-----------+
|   0   | robot_joint_pos |         8 |
+-------+-----------------+-----------+

[INFO] <ObservationManager> contains 2 groups.
+------------------------------------------------------------+
| Active Observation Terms in Group: 'policy' (shape: (60,)) |
+----------+------------------------------------+------------+
|  Index   | Name                               |   Shape    |
+----------+------------------------------------+------------+
|    0     | franka_shared_60_v2                |   (60,)    |
+----------+------------------------------------+------------+
+------------------------------------------------------------+
| Active Observation Terms in Group: 'critic' (shape: (60,)) |
+----------+------------------------------------+------------+
|  Index   | Name                               |   Shape    |
+----------+------------------------------------+------------+
|    0     | franka_shared_60_v2                |   (60,)    |
+----------+------------------------------------+------------+

[INFO] <TerminationManager> contains 1 active terms.
+-----------------------------+
|   Active Termination Terms  |
+-------+----------+----------+
| Index | Name     | Time Out |
+-------+----------+----------+
|   0   | time_out |   True   |
+-------+----------+----------+

[INFO] <RewardManager> contains 4 active terms.
+------------------------------------+
|        Active Reward Terms         |
+-------+-------------------+--------+
| Index | Name              | Weight |
+-------+-------------------+--------+
|   0   | reach_target      |    1.0 |
|   1   | action_rate_l2    |  -0.01 |
|   2   | joint_pos_limits  |  -10.0 |
|   3   | joint_vel_penalty |  -0.01 |
+-------+-------------------+--------+

[INFO] <NullCurriculumManager> (inactive)
Setting seed: 1

+---------------------------------+
|         Base Environment        |
+------------------------+--------+
| Property               | Value  |
+------------------------+--------+
| Number of environments | 1      |
| Environment device     | cuda:0 |
| Environment seed       | 1      |
| Physics step-size      | 0.005  |
| Environment step-size  | 0.02   |
+------------------------+--------+

[INFO] <EventManager> contains 2 active terms.
+---------------------------------------+
| Active Event Terms in Mode: 'startup' |
+-------+-------------------------------+
| Index | Name                          |
+-------+-------------------------------+
|   0   | reset_base                    |
|   1   | fingertip_friction_slide      |
|   2   | fingertip_friction_spin       |
|   3   | fingertip_friction_roll       |
+-------+-------------------------------+
+-------------------------------------+
| Active Event Terms in Mode: 'reset' |
+--------+----------------------------+
| Index  | Name                       |
+--------+----------------------------+
|   0    | reset_robot_joints         |
|   1    | reset_window_position      |
|   2    | reset_robot_fingers        |
+--------+----------------------------+
+-----------------------------+
| Domain Randomization Fields |
+--------+--------------------+
| Index  | Field Name         |
+--------+--------------------+
|   0    | geom_friction      |
+--------+--------------------+

[INFO] <CommandManager> contains 1 active terms.
+-------------------------------------------+
|            Active Command Terms           |
+-------+--------------+--------------------+
| Index | Name         |        Type        |
+-------+--------------+--------------------+
|   0   | slide_window | SlideWindowCommand |
+-------+--------------+--------------------+

[INFO] <ActionManager> contains 1 active terms.
+-------------------------------------+
|    Active Action Terms (shape: 8)   |
+-------+-----------------+-----------+
| Index | Name            | Dimension |
+-------+-----------------+-----------+
|   0   | robot_joint_pos |         8 |
+-------+-----------------+-----------+

[INFO] <ObservationManager> contains 2 groups.
+------------------------------------------------------------+
| Active Observation Terms in Group: 'policy' (shape: (60,)) |
+----------+------------------------------------+------------+
|  Index   | Name                               |   Shape    |
+----------+------------------------------------+------------+
|    0     | franka_shared_60_v2                |   (60,)    |
+----------+------------------------------------+------------+
+------------------------------------------------------------+
| Active Observation Terms in Group: 'critic' (shape: (60,)) |
+----------+------------------------------------+------------+
|  Index   | Name                               |   Shape    |
+----------+------------------------------------+------------+
|    0     | franka_shared_60_v2                |   (60,)    |
+----------+------------------------------------+------------+

[INFO] <TerminationManager> contains 2 active terms.
+----------------------------------------+
|        Active Termination Terms        |
+-------+---------------------+----------+
| Index | Name                | Time Out |
+-------+---------------------+----------+
|   0   | time_out            |   True   |
|   1   | ee_ground_collision |  False   |
+-------+---------------------+----------+

[INFO] <RewardManager> contains 6 active terms.
+--------------------------------------+
|         Active Reward Terms          |
+-------+---------------------+--------+
| Index | Name                | Weight |
+-------+---------------------+--------+
|   0   | reach_object        |    1.0 |
|   1   | move_object_to_goal |    1.0 |
|   2   | no_object_collision |   0.25 |
|   3   | action_rate_l2      |  -0.01 |
|   4   | joint_pos_limits    |  -10.0 |
|   5   | joint_vel_penalty   |  -0.01 |
+-------+---------------------+--------+

[INFO] <CurriculumManager> contains 1 active terms.
+----------------------------------+
|     Active Curriculum Terms      |
+-------+--------------------------+
| Index | Name                     |
+-------+--------------------------+
|   0   | joint_vel_penalty_weight |
+-------+--------------------------+

Setting seed: 1

+---------------------------------+
|         Base Environment        |
+------------------------+--------+
| Property               | Value  |
+------------------------+--------+
| Number of environments | 1      |
| Environment device     | cuda:0 |
| Environment seed       | 1      |
| Physics step-size      | 0.005  |
| Environment step-size  | 0.02   |
+------------------------+--------+

[INFO] <EventManager> contains 2 active terms.
+---------------------------------------+
| Active Event Terms in Mode: 'startup' |
+-------+-------------------------------+
| Index | Name                          |
+-------+-------------------------------+
|   0   | reset_base                    |
|   1   | fingertip_friction_slide      |
|   2   | fingertip_friction_spin       |
|   3   | fingertip_friction_roll       |
+-------+-------------------------------+
+-------------------------------------+
| Active Event Terms in Mode: 'reset' |
+--------+----------------------------+
| Index  | Name                       |
+--------+----------------------------+
|   0    | reset_robot_joints         |
|   1    | reset_button_position      |
|   2    | reset_robot_fingers        |
+--------+----------------------------+
+-----------------------------+
| Domain Randomization Fields |
+--------+--------------------+
| Index  | Field Name         |
+--------+--------------------+
|   0    | geom_friction      |
+--------+--------------------+

[INFO] <CommandManager> contains 1 active terms.
+-----------------------------------------+
|           Active Command Terms          |
+-------+-------------+-------------------+
| Index | Name        |        Type       |
+-------+-------------+-------------------+
|   0   | push_button | PushButtonCommand |
+-------+-------------+-------------------+

[INFO] <ActionManager> contains 1 active terms.
+-------------------------------------+
|    Active Action Terms (shape: 8)   |
+-------+-----------------+-----------+
| Index | Name            | Dimension |
+-------+-----------------+-----------+
|   0   | robot_joint_pos |         8 |
+-------+-----------------+-----------+

[INFO] <ObservationManager> contains 2 groups.
+------------------------------------------------------------+
| Active Observation Terms in Group: 'policy' (shape: (60,)) |
+----------+------------------------------------+------------+
|  Index   | Name                               |   Shape    |
+----------+------------------------------------+------------+
|    0     | franka_shared_60_v2                |   (60,)    |
+----------+------------------------------------+------------+
+------------------------------------------------------------+
| Active Observation Terms in Group: 'critic' (shape: (60,)) |
+----------+------------------------------------+------------+
|  Index   | Name                               |   Shape    |
+----------+------------------------------------+------------+
|    0     | franka_shared_60_v2                |   (60,)    |
+----------+------------------------------------+------------+

[INFO] <TerminationManager> contains 2 active terms.
+----------------------------------------+
|        Active Termination Terms        |
+-------+---------------------+----------+
| Index | Name                | Time Out |
+-------+---------------------+----------+
|   0   | time_out            |   True   |
|   1   | ee_ground_collision |  False   |
+-------+---------------------+----------+
