[2026-09-18T10:13:05Z] START FlipSwitch (Mjlab-Flip-Switch-Franka) on GPU-2496e2db-e138-0dec-41fc-27d2535b6e86
[2026-09-18T10:13:05Z] START OpenDoor (Mjlab-Open-Door-Franka) on GPU-23a5dcb4-5248-01aa-94a3-d0f998660161
[2026-09-18T10:13:05Z] START OpenDrawer (Mjlab-Open-Drawer-Franka) on GPU-fd08a1c1-caff-efc7-e4e6-e1117772f9fc
[2026-09-18T10:13:05Z] START PushButton (Mjlab-Push-Button-Franka) on GPU-7d5c3740-990d-15b7-5c54-6dc6270633fa
[2026-09-18T10:13:05Z] START PushFlap (Mjlab-Push-Flap-Franka) on GPU-46a4f4dc-5916-8d5a-a71b-6193e01b5723
[2026-09-18T10:13:05Z] START OpenLid (Mjlab-Open-Lid-Franka) on GPU-0b3441b1-580c-9c76-f27d-cbec321e1937
[2026-09-18T10:13:05Z] START SlideWindow (Mjlab-Slide-Window-Franka) on GPU-811bf62a-ec3a-649f-1167-bfff22107497
[2026-09-18T10:13:36Z] DONE SlideWindow exit=0
[2026-09-18T10:13:37Z] DONE PushFlap exit=0
[2026-09-18T10:13:37Z] DONE OpenDrawer exit=0
[2026-09-18T10:13:37Z] DONE FlipSwitch exit=0
[2026-09-18T10:13:37Z] DONE OpenDoor exit=0
[2026-09-18T10:13:38Z] DONE OpenLid exit=0
[2026-09-18T10:13:38Z] DONE PushButton exit=0
[2026-09-18T10:13:38Z] START TurnLever (Mjlab-Turn-Lever-Franka) on GPU-2496e2db-e138-0dec-41fc-27d2535b6e86
[2026-09-18T10:13:38Z] START RotateValve (Mjlab-Rotate-Valve-Franka) on GPU-23a5dcb4-5248-01aa-94a3-d0f998660161
[2026-09-18T10:13:38Z] START PushCuboid (Mjlab-Push-Cuboid-Franka) on GPU-fd08a1c1-caff-efc7-e4e6-e1117772f9fc
[2026-09-18T10:13:38Z] START ThrowToBin (Mjlab-Throw-To-Bin-Franka) on GPU-0b3441b1-580c-9c76-f27d-cbec321e1937
[2026-09-18T10:13:38Z] START DragPull (Mjlab-Drag-Pull-Franka) on GPU-46a4f4dc-5916-8d5a-a71b-6193e01b5723
[2026-09-18T10:13:38Z] START ToppleBlock (Mjlab-Topple-Block-Franka) on GPU-7d5c3740-990d-15b7-5c54-6dc6270633fa
[2026-09-18T10:14:08Z] DONE PushCuboid exit=0
[2026-09-18T10:14:08Z] DONE DragPull exit=0
[2026-09-18T10:14:09Z] DONE RotateValve exit=0
[2026-09-18T10:14:09Z] DONE ToppleBlock exit=0
[2026-09-18T10:14:09Z] DONE TurnLever exit=0
[2026-09-18T10:14:21Z] DONE ThrowToBin exit=0
ALL EXTRACTIONS COMPLETE
