[2026-09-19T09:55:21Z] START render AxialExtract on GPU-0b3441b1-580c-9c76-f27d-cbec321e1937
[2026-09-19T09:55:21Z] START render OpenDoor on GPU-46a4f4dc-5916-8d5a-a71b-6193e01b5723
[2026-09-19T09:55:21Z] START render OpenDrawer on GPU-811bf62a-ec3a-649f-1167-bfff22107497
[2026-09-19T09:55:21Z] START render FlipSwitch on GPU-7d5c3740-990d-15b7-5c54-6dc6270633fa
[2026-09-19T09:56:15Z] DONE render OpenDrawer exit=0
[2026-09-19T09:56:15Z] DONE render OpenDoor exit=0
[2026-09-19T09:56:16Z] DONE render FlipSwitch exit=0
[2026-09-19T09:56:17Z] DONE render AxialExtract exit=0
[2026-09-19T09:56:17Z] START render OpenLid on GPU-0b3441b1-580c-9c76-f27d-cbec321e1937
[2026-09-19T09:56:17Z] START render PushButton on GPU-7d5c3740-990d-15b7-5c54-6dc6270633fa
[2026-09-19T09:56:17Z] START render PushFlap on GPU-46a4f4dc-5916-8d5a-a71b-6193e01b5723
[2026-09-19T09:56:17Z] START render ReachTarget on GPU-811bf62a-ec3a-649f-1167-bfff22107497
[2026-09-19T09:57:08Z] DONE render PushFlap exit=0
[2026-09-19T09:57:09Z] DONE render PushButton exit=0
[2026-09-19T09:57:12Z] DONE render OpenLid exit=0
[2026-09-19T09:57:30Z] DONE render ReachTarget exit=0
[2026-09-19T09:57:30Z] START render SlideWindow on GPU-0b3441b1-580c-9c76-f27d-cbec321e1937
[2026-09-19T09:57:30Z] START render TurnLever on GPU-7d5c3740-990d-15b7-5c54-6dc6270633fa
[2026-09-19T09:57:30Z] START render RotateValve on GPU-46a4f4dc-5916-8d5a-a71b-6193e01b5723
[2026-09-19T09:57:30Z] START render PushCuboid on GPU-811bf62a-ec3a-649f-1167-bfff22107497
[2026-09-19T09:58:09Z] DONE render SlideWindow exit=0
[2026-09-19T09:58:10Z] DONE render PushCuboid exit=0
[2026-09-19T09:58:10Z] DONE render TurnLever exit=0
[2026-09-19T09:58:20Z] DONE render RotateValve exit=0
[2026-09-19T09:58:20Z] START render ThrowToBin on GPU-0b3441b1-580c-9c76-f27d-cbec321e1937
[2026-09-19T09:58:20Z] START render DragPull on GPU-46a4f4dc-5916-8d5a-a71b-6193e01b5723
[2026-09-19T09:58:20Z] START render ToppleBlock on GPU-7d5c3740-990d-15b7-5c54-6dc6270633fa
[2026-09-19T09:58:51Z] DONE render DragPull exit=0
[2026-09-19T09:58:56Z] DONE render ToppleBlock exit=0
[2026-09-19T09:59:02Z] DONE render ThrowToBin exit=0
ALL RENDERS COMPLETE
